<?xml version="1.0" encoding="UTF-8"?>
<testsuites name="jest tests" tests="5" failures="3" errors="0" time="2.809">
  <testsuite name="src/test/App.spec.jsx" errors="0" failures="3" skipped="0" timestamp="2025-03-01T12:12:47" time="1.66" tests="5">
    <testcase classname="App Component" name="should call notesService.getNotes() when rendered" time="0.123">
    </testcase>
    <testcase classname="App Component" name="should call notesService.saveNote() method after the form is submitted" time="0.086">
    </testcase>
    <testcase classname="App Component" name="should fetch notes from notesService and update notes list after the form is submitted" time="0.045">
      <failure>Error: expect(received).toHaveLength(expected)

Expected length: 1
Received length: 2
Received array:  [&lt;div class=&quot;list-group-item &quot; data-testid=&quot;note-item&quot; /&gt;, &lt;div class=&quot;list-group-item &quot; data-testid=&quot;note-item&quot;&gt;take the exam&lt;/div&gt;]
    at Object.&lt;anonymous&gt; (/Users/oleg/repos/1f455781-8465-439c-9892-aad4c895c7b5/src/test/App.spec.jsx:58:45)</failure>
    </testcase>
    <testcase classname="App Component" name="should add a new note to the list after the note is saved" time="0.034">
      <failure>Error: expect(jest.fn()).toHaveBeenCalledTimes(expected)

Expected number of calls: 2
Received number of calls: 1
    at Object.&lt;anonymous&gt; (/Users/oleg/repos/1f455781-8465-439c-9892-aad4c895c7b5/src/test/App.spec.jsx:79:38)</failure>
    </testcase>
    <testcase classname="App Component" name="when existing note is saved it should be updated on list" time="0.022">
      <failure>Error: expect(jest.fn()).toHaveBeenCalledTimes(expected)

Expected number of calls: 2
Received number of calls: 1
    at Object.&lt;anonymous&gt; (/Users/oleg/repos/1f455781-8465-439c-9892-aad4c895c7b5/src/test/App.spec.jsx:101:38)</failure>
    </testcase>
  </testsuite>
</testsuites>